// Jest Snapshot v1, https://goo.gl/fbAQLP

exports[`<Main /> shoud render heading 1`] = `
<main>
  <h2>
    React avan√ßado
  </h2>
</main>
`
